<?xml version="1.0" encoding="utf-8"?><testsuites name="pytest tests"><testsuite name="pytest" errors="0" failures="0" skipped="0" tests="73" time="52.154" timestamp="2025-09-23T02:12:05.120357+00:00" hostname="runnervmf4ws1"><testcase classname="tests.test_main.TestMain" name="test_analyze_with_llm" file="tests/test_main.py" line="596" time="0.652" /><testcase classname="tests.test_main.TestMain" name="test_apply_euclidean_filtering_handles_exception" file="tests/test_main.py" line="875" time="0.627" /><testcase classname="tests.test_main.TestMain" name="test_apply_euclidean_filtering_reduces_rows" file="tests/test_main.py" line="862" time="0.700" /><testcase classname="tests.test_main.TestMain" name="test_apply_euclidean_filtering_returns_original_if_no_numeric" file="tests/test_main.py" line="852" time="0.636" /><testcase classname="tests.test_main.TestMain" name="test_apply_euclidean_filtering_returns_original_if_too_few_rows" file="tests/test_main.py" line="841" time="0.624" /><testcase classname="tests.test_main.TestMain" name="test_apply_euclidean_filtering_stops_before_removing_too_many" file="tests/test_main.py" line="891" time="0.633" /><testcase classname="tests.test_main.TestMain" name="test_clean_text_for_speech" file="tests/test_main.py" line="982" time="0.628" /><testcase classname="tests.test_main.TestMain" name="test_clean_text_for_speech_length_limit" file="tests/test_main.py" line="1020" time="0.625" /><testcase classname="tests.test_main.TestMain" name="test_create_audio_summary_empty_openai_key" file="tests/test_main.py" line="969" time="0.705" /><testcase classname="tests.test_main.TestMain" name="test_create_audio_summary_exception_handling" file="tests/test_main.py" line="954" time="0.632" /><testcase classname="tests.test_main.TestMain" name="test_create_audio_summary_user_accepts" file="tests/test_main.py" line="903" time="0.637" /><testcase classname="tests.test_main.TestMain" name="test_ensure_openai_key_already_set" file="tests/test_main.py" line="566" time="0.628" /><testcase classname="tests.test_main.TestMain" name="test_ensure_openai_key_not_set" file="tests/test_main.py" line="579" time="0.640" /><testcase classname="tests.test_main.TestMain" name="test_format_xml_file_exception" file="tests/test_main.py" line="681" time="0.705" /><testcase classname="tests.test_main.TestMain" name="test_format_xml_file_success" file="tests/test_main.py" line="666" time="0.633" /><testcase classname="tests.test_main.TestMain" name="test_main_invokes_processor_run" file="tests/test_main.py" line="120" time="0.624" /><testcase classname="tests.test_main.TestMain" name="test_perform_ai_analysis" file="tests/test_main.py" line="508" time="0.635" /><testcase classname="tests.test_main.TestMain" name="test_perform_ai_analysis_empty_plan_and_default_language" file="tests/test_main.py" line="537" time="0.633" /><testcase classname="tests.test_main.TestMain" name="test_preprocess_trackpoints_calls_processor_process" file="tests/test_main.py" line="655" time="0.632" /><testcase classname="tests.test_main.TestMain" name="test_process_by_sport_bike_valid_no_ai" file="tests/test_main.py" line="367" time="0.710" /><testcase classname="tests.test_main.TestMain" name="test_process_by_sport_invalid_tcx" file="tests/test_main.py" line="419" time="0.622" /><testcase classname="tests.test_main.TestMain" name="test_process_by_sport_other" file="tests/test_main.py" line="357" time="0.624" /><testcase classname="tests.test_main.TestMain" name="test_process_by_sport_run_valid_with_ai" file="tests/test_main.py" line="380" time="0.625" /><testcase classname="tests.test_main.TestMain" name="test_process_by_sport_run_valid_with_ai_and_tss" file="tests/test_main.py" line="398" time="0.627" /><testcase classname="tests.test_main.TestMain" name="test_process_by_sport_swim" file="tests/test_main.py" line="347" time="0.722" /><testcase classname="tests.test_main.TestMain" name="test_process_by_sport_unsupported" file="tests/test_main.py" line="428" time="0.641" /><testcase classname="tests.test_main.TestMain" name="test_read_xml_file_exception" file="tests/test_main.py" line="444" time="0.631" /><testcase classname="tests.test_main.TestMain" name="test_read_xml_file_success" file="tests/test_main.py" line="435" time="0.639" /><testcase classname="tests.test_main.TestMain" name="test_reduce_data_size_empty_dataframe" file="tests/test_main.py" line="832" time="0.630" /><testcase classname="tests.test_main.TestMain" name="test_reduce_data_size_large_dataset" file="tests/test_main.py" line="790" time="0.634" /><testcase classname="tests.test_main.TestMain" name="test_reduce_data_size_medium_dataset" file="tests/test_main.py" line="804" time="0.703" /><testcase classname="tests.test_main.TestMain" name="test_reduce_data_size_small_dataset" file="tests/test_main.py" line="818" time="0.634" /><testcase classname="tests.test_main.TestMain" name="test_remove_sparse_columns_does_not_remove_if_below_threshold" file="tests/test_main.py" line="766" time="0.630" /><testcase classname="tests.test_main.TestMain" name="test_remove_sparse_columns_handles_missing_columns" file="tests/test_main.py" line="778" time="0.630" /><testcase classname="tests.test_main.TestMain" name="test_remove_sparse_columns_removes_cadence" file="tests/test_main.py" line="727" time="0.636" /><testcase classname="tests.test_main.TestMain" name="test_remove_sparse_columns_removes_hr_value" file="tests/test_main.py" line="740" time="0.715" /><testcase classname="tests.test_main.TestMain" name="test_remove_sparse_columns_removes_lat_lon_together" file="tests/test_main.py" line="752" time="0.640" /><testcase classname="tests.test_main.TestMain" name="test_should_perform_tss_false" file="tests/test_main.py" line="1040" time="0.642" /><testcase classname="tests.test_main.TestMain" name="test_should_perform_tss_true" file="tests/test_main.py" line="1029" time="0.637" /><testcase classname="tests.test_main.TestMain" name="test_tcx_processor_download_tcx_file_bike" file="tests/test_main.py" line="249" time="0.644" /><testcase classname="tests.test_main.TestMain" name="test_tcx_processor_download_tcx_file_exception" file="tests/test_main.py" line="273" time="0.648" /><testcase classname="tests.test_main.TestMain" name="test_tcx_processor_download_tcx_file_other" file="tests/test_main.py" line="265" time="0.708" /><testcase classname="tests.test_main.TestMain" name="test_tcx_processor_download_tcx_file_swim" file="tests/test_main.py" line="257" time="0.626" /><testcase classname="tests.test_main.TestMain" name="test_tcx_processor_format_swim_tcx" file="tests/test_main.py" line="109" time="0.635" /><testcase classname="tests.test_main.TestMain" name="test_tcx_processor_get_activity_id_invalid" file="tests/test_main.py" line="236" time="0.639" /><testcase classname="tests.test_main.TestMain" name="test_tcx_processor_get_activity_id_valid" file="tests/test_main.py" line="221" time="0.619" /><testcase classname="tests.test_main.TestMain" name="test_tcx_processor_get_analysis_prompt_template" file="tests/test_main.py" line="73" time="0.722" /><testcase classname="tests.test_main.TestMain" name="test_tcx_processor_get_file_path_from_user_invalid" file="tests/test_main.py" line="338" time="0.641" /><testcase classname="tests.test_main.TestMain" name="test_tcx_processor_get_file_path_from_user_valid" file="tests/test_main.py" line="325" time="0.619" /><testcase classname="tests.test_main.TestMain" name="test_tcx_processor_get_latest_download_exception" file="tests/test_main.py" line="311" time="0.635" /><testcase classname="tests.test_main.TestMain" name="test_tcx_processor_get_latest_download_no_files" file="tests/test_main.py" line="297" time="0.678" /><testcase classname="tests.test_main.TestMain" name="test_tcx_processor_get_latest_download_with_files" file="tests/test_main.py" line="284" time="0.639" /><testcase classname="tests.test_main.TestMain" name="test_tcx_processor_get_sport_selection" file="tests/test_main.py" line="160" time="0.733" /><testcase classname="tests.test_main.TestMain" name="test_tcx_processor_get_tcx_file_path_download" file="tests/test_main.py" line="179" time="0.655" /><testcase classname="tests.test_main.TestMain" name="test_tcx_processor_get_tcx_file_path_provide_path" file="tests/test_main.py" line="188" time="0.672" /><testcase classname="tests.test_main.TestMain" name="test_tcx_processor_handle_download_flow" file="tests/test_main.py" line="197" time="0.661" /><testcase classname="tests.test_main.TestMain" name="test_tcx_processor_run_exception" file="tests/test_main.py" line="150" time="0.661" /><testcase classname="tests.test_main.TestMain" name="test_tcx_processor_run_no_file_path" file="tests/test_main.py" line="142" time="0.759" /><testcase classname="tests.test_main.TestMain" name="test_tcx_processor_run_success" file="tests/test_main.py" line="127" time="0.661" /><testcase classname="tests.test_main.TestMain" name="test_tcx_processor_should_perform_ai_analysis" file="tests/test_main.py" line="101" time="0.671" /><testcase classname="tests.test_main.TestMain" name="test_tcx_processor_validate_tcx_file_empty" file="tests/test_main.py" line="86" time="0.652" /><testcase classname="tests.test_main.TestMain" name="test_tcx_processor_validate_tcx_file_invalid" file="tests/test_main.py" line="93" time="0.658" /><testcase classname="tests.test_main.TestMain" name="test_trackpoint_processor_clean_and_transform" file="tests/test_main.py" line="30" time="0.802" /><testcase classname="tests.test_main.TestMain" name="test_trackpoint_processor_create_dataframe" file="tests/test_main.py" line="22" time="0.662" /><testcase classname="tests.test_main.TestMain" name="test_trackpoint_processor_format_time_column" file="tests/test_main.py" line="62" time="0.670" /><testcase classname="tests.test_main.TestMain" name="test_trackpoint_processor_process_full_pipeline" file="tests/test_main.py" line="692" time="0.683" /><testcase classname="tests.test_main.TestMain" name="test_trackpoint_processor_reduce_data_size" file="tests/test_main.py" line="52" time="0.799" /><testcase classname="tests.test_main.TestMain" name="test_trackpoint_processor_remove_sparse_columns" file="tests/test_main.py" line="38" time="0.670" /><testcase classname="tests.test_main.TestMain" name="test_validate_tcx_file_empty_file" file="tests/test_main.py" line="474" time="0.764" /><testcase classname="tests.test_main.TestMain" name="test_validate_tcx_file_invalid" file="tests/test_main.py" line="498" time="0.662" /><testcase classname="tests.test_main.TestMain" name="test_validate_tcx_file_valid" file="tests/test_main.py" line="483" time="0.668" /><testcase classname="tests.test_main.TestMain" name="test_write_xml_file_exception" file="tests/test_main.py" line="464" time="0.656" /><testcase classname="tests.test_main.TestMain" name="test_write_xml_file_success" file="tests/test_main.py" line="454" time="0.664" /></testsuite></testsuites>